###############################################################################
#
# IAR ELF Linker V7.50.2.10312/W32 for ARM                28/Jun/2019  11:50:18
# Copyright 2007-2015 IAR Systems AB.
#
#    Output file  =  H:\EQ\EQ_olimex\Debug\Exe\c.out
#    Map file     =  H:\EQ\EQ_olimex\Debug\List\c.map
#    Command line =  
#        H:\EQ\EQ_olimex\Debug\Obj\cd_class.o H:\EQ\EQ_olimex\Debug\Obj\func.o
#        H:\EQ\EQ_olimex\Debug\Obj\i2c.o H:\EQ\EQ_olimex\Debug\Obj\main.o
#        H:\EQ\EQ_olimex\Debug\Obj\ring_buffer.o
#        H:\EQ\EQ_olimex\Debug\Obj\sh_exec.o H:\EQ\EQ_olimex\Debug\Obj\shell.o
#        H:\EQ\EQ_olimex\Debug\Obj\stm32f10x_exti.o
#        H:\EQ\EQ_olimex\Debug\Obj\stm32f10x_flash.o
#        H:\EQ\EQ_olimex\Debug\Obj\stm32f10x_gpio.o
#        H:\EQ\EQ_olimex\Debug\Obj\stm32f10x_i2c.o
#        H:\EQ\EQ_olimex\Debug\Obj\stm32f10x_it.o
#        H:\EQ\EQ_olimex\Debug\Obj\stm32f10x_lib.o
#        H:\EQ\EQ_olimex\Debug\Obj\stm32f10x_nvic.o
#        H:\EQ\EQ_olimex\Debug\Obj\stm32f10x_rcc.o
#        H:\EQ\EQ_olimex\Debug\Obj\stm32f10x_tim.o
#        H:\EQ\EQ_olimex\Debug\Obj\stm32f10x_tim1.o
#        H:\EQ\EQ_olimex\Debug\Obj\stm32f10x_vector.o
#        H:\EQ\EQ_olimex\Debug\Obj\system_stm32f10x.o
#        H:\EQ\EQ_olimex\Debug\Obj\usb_buffer.o
#        H:\EQ\EQ_olimex\Debug\Obj\usb_desc.o
#        H:\EQ\EQ_olimex\Debug\Obj\usb_hooks.o
#        H:\EQ\EQ_olimex\Debug\Obj\usb_hw.o
#        H:\EQ\EQ_olimex\Debug\Obj\usb_init.o
#        H:\EQ\EQ_olimex\Debug\Obj\usb_t9.o H:\EQ\EQ_olimex\Debug\Obj\utils.o
#        H:\EQ\EQ_olimex\Debug\Obj\write.o -o H:\EQ\EQ_olimex\Debug\Exe\c.out
#        --redirect _Printf=_PrintfFull --redirect _Scanf=_ScanfFull --map
#        H:\EQ\EQ_olimex\Debug\List\c.map --config
#        H:\EQ\EQ_olimex\config\STM32F10x_FLASH.icf --entry __iar_program_start
#        --vfe
#
###############################################################################

*******************************************************************************
*** RUNTIME MODEL ATTRIBUTES
***

CppFlavor       = *
__SystemLibrary = DLib


*******************************************************************************
*** PLACEMENT SUMMARY
***

"A1":  place at 0x08000000 { ro section .intvec };
"P1":  place in [from 0x40006000 to 0x400063ff] {
          rw data section USB_PACKET_MEMORY };
"P2":  place in [from 0x080000ec to 0x0801ffff] { ro };
"P3":  place in [from 0x20000000 to 0x20004fff] { rw, block CSTACK, block HEAP };

  Section              Kind        Address    Size  Object
  -------              ----        -------    ----  ------
"A1":                                         0xec
  .intvec              const    0x08000000    0xec  stm32f10x_vector.o [1]
                              - 0x080000ec    0xec

"P2":                                       0x65ec
  .text                ro code  0x080000ec  0x1b7c  usb_hw.o [1]
  .text                ro code  0x08001c68     0xe  usb_hw.o [1]
  .text                ro code  0x08001c76    0x10  usb_hw.o [1]
  .text                ro code  0x08001c86     0xa  xsprout.o [3]
  .text                ro code  0x08001c90   0x2d8  stm32f10x_rcc.o [1]
  .text                ro code  0x08001f68   0x1a0  stm32f10x_gpio.o [1]
  .text                ro code  0x08002108    0xe8  stm32f10x_nvic.o [1]
  .text                ro code  0x080021f0     0x2  usb_hw.o [1]
  .rodata              const    0x080021f2     0x1  sh_exec.o [1]
  .text                ro code  0x080021f4   0xcc0  usb_t9.o [1]
  .text                ro code  0x08002eb4    0xcc  usb_buffer.o [1]
  .text                ro code  0x08002f80    0x34  usb_hooks.o [1]
  .text                ro code  0x08002fb4    0x10  usb_hw.o [1]
  .text                ro code  0x08002fc4    0x10  usb_hw.o [1]
  .text                ro code  0x08002fd4    0x18  usb_hw.o [1]
  .text                ro code  0x08002fec   0x360  cd_class.o [1]
  .text                ro code  0x0800334c    0x76  ABImemcpy_unaligned.o [5]
  .text                ro code  0x080033c4    0x1c  usb_init.o [1]
  .text                ro code  0x080033e0    0x1c  usb_init.o [1]
  .text                ro code  0x080033fc   0xda6  xprintffull.o [3]
  .text                ro code  0x080041a4    0x16  strchr.o [5]
  .text                ro code  0x080041bc    0x36  strlen.o [5]
  .text                ro code  0x080041f4    0x58  memchr.o [5]
  .text                ro code  0x0800424c    0xee  I64DivMod.o [5]
  .text                ro code  0x0800433a    0x42  xdnorm.o [4]
  .text                ro code  0x0800437c    0x2e  DblCmpLe.o [4]
  .text                ro code  0x080043ac    0x2e  DblCmpGe.o [4]
  .text                ro code  0x080043dc   0x10c  xdscale.o [4]
  .text                ro code  0x080044e8    0x58  DblToI32.o [4]
  .text                ro code  0x08004540    0x30  I32ToDbl.o [4]
  .text                ro code  0x08004570   0x180  DblSub.o [4]
  .text                ro code  0x080046f0   0x1a2  DblMul.o [4]
  .text                ro code  0x08004894   0x256  DblDiv.o [4]
  .text                ro code  0x08004aea     0xe  div.o [3]
  .text                ro code  0x08004af8     0x2  I64DivZer.o [5]
  .text                ro code  0x08004afc    0xd4  DblAdd.o [4]
  .text                ro code  0x08004bd0   0x5a8  shell.o [1]
  .text                ro code  0x08005178    0x52  strcasecmp.o [3]
  .text                ro code  0x080051cc    0x6c  strncpy_unaligned.o [5]
  .text                ro code  0x08005238    0x66  ABImemset.o [5]
  .text                ro code  0x0800529e     0xc  tolower.o [3]
  .text                ro code  0x080052ac   0x3e4  i2c.o [1]
  .text                ro code  0x08005690    0xf2  utils.o [1]
  .text                ro code  0x08005784   0x242  stm32f10x_i2c.o [1]
  .text                ro code  0x080059c6    0x1c  strcat.o [3]
  .text                ro code  0x080059e4     0x6  ABImemclr4.o [5]
  .text                ro code  0x080059ec    0x34  sprintf.o [3]
  .text                ro code  0x08005a20    0x32  ABImemset48.o [5]
  .text                ro code  0x08005a54   0x340  sh_exec.o [1]
  .text                ro code  0x08005d94     0x6  strtol.o [3]
  .text                ro code  0x08005d9c    0x44  strcpy_unaligned.o [5]
  .text                ro code  0x08005de0    0x86  xstol.o [3]
  .text                ro code  0x08005e68   0x198  xstoul.o [3]
  .text                ro code  0x08006000     0xc  errno.o [3]
  .text                ro code  0x0800600c     0x2  xtls.o [3]
  .text                ro code  0x0800600e    0xb0  usb_init.o [1]
  .text                ro code  0x080060c0    0x4c  stm32f10x_flash.o [1]
  .text                ro code  0x0800610c    0xa4  stm32f10x_it.o [1]
  .text                ro code  0x080061b0    0x1c  stm32f10x_tim.o [1]
  .rodata              const    0x080061cc    0x78  sh_exec.o [1]
  .text                ro code  0x08006244    0x6c  main.o [1]
  .text                ro code  0x080062b0    0x58  func.o [1]
  .text                ro code  0x08006308    0x18  ring_buffer.o [1]
  .rodata              const    0x08006320    0x44  usb_desc.o [1]
  .text                ro code  0x08006364    0x40  zero_init3.o [5]
  .rodata              const    0x080063a4    0x38  sh_exec.o [1]
  .rodata              const    0x080063dc    0x30  sh_exec.o [1]
  .text                ro code  0x0800640c    0x2c  copy_init3.o [5]
  .text                ro code  0x08006438    0x28  data_init.o [5]
  .rodata              const    0x08006460    0x24  usb_desc.o [1]
  .iar.init_table      const    0x08006484    0x24  - Linker created -
  .rodata              const    0x080064a8    0x1c  sh_exec.o [1]
  .rodata              const    0x080064c4    0x1c  utils.o [1]
  .rodata              const    0x080064e0    0x1c  utils.o [1]
  .text                ro code  0x080064fc    0x1a  cmain.o [5]
  .text                ro code  0x08006516     0x4  low_level_init.o [3]
  .text                ro code  0x0800651a     0x4  exit.o [3]
  .text                ro code  0x08006520     0xa  cexit.o [5]
  .text                ro code  0x0800652c     0xc  XXexit.o [5]
  .rodata              const    0x08006538    0x18  usb_desc.o [1]
  .rodata              const    0x08006550    0x14  i2c.o [1]
  .rodata              const    0x08006564    0x14  sh_exec.o [1]
  .rodata              const    0x08006578    0x14  sh_exec.o [1]
  .rodata              const    0x0800658c    0x14  usb_desc.o [1]
  .rodata              const    0x080065a0    0x14  usb_desc.o [1]
  .rodata              const    0x080065b4    0x14  usb_desc.o [1]
  .rodata              const    0x080065c8    0x10  sh_exec.o [1]
  .rodata              const    0x080065d8    0x10  sh_exec.o [1]
  .rodata              const    0x080065e8    0x10  sh_exec.o [1]
  .rodata              const    0x080065f8    0x10  stm32f10x_rcc.o [1]
  .rodata              const    0x08006608    0x10  usb_desc.o [1]
  .rodata              const    0x08006618    0x10  usb_desc.o [1]
  .rodata              const    0x08006628     0xc  sh_exec.o [1]
  .rodata              const    0x08006634     0xc  sh_exec.o [1]
  .rodata              const    0x08006640     0xc  sh_exec.o [1]
  .rodata              const    0x0800664c     0xc  sh_exec.o [1]
  .text                ro code  0x08006658     0xc  cstartup_M.o [5]
  .rodata              const    0x08006664     0x8  sh_exec.o [1]
  .rodata              const    0x0800666c     0x8  sh_exec.o [1]
  .rodata              const    0x08006674     0x8  sh_exec.o [1]
  .rodata              const    0x0800667c     0x8  sh_exec.o [1]
  .rodata              const    0x08006684     0x8  sh_exec.o [1]
  .rodata              const    0x0800668c     0x8  sh_exec.o [1]
  .rodata              const    0x08006694     0x8  usb_desc.o [1]
  .rodata              const    0x0800669c     0x8  usb_desc.o [1]
  .rodata              const    0x080066a4     0x8  usb_hw.o [1]
  .rodata              const    0x080066ac     0x8  usb_hw.o [1]
  .rodata              const    0x080066b4     0x4  stm32f10x_rcc.o [1]
  .rodata              const    0x080066b8     0x4  usb_desc.o [1]
  .rodata              const    0x080066bc     0x4  usb_desc.o [1]
  .rodata              const    0x080066c0     0x4  usb_desc.o [1]
  .rodata              const    0x080066c4     0x4  usb_desc.o [1]
  .rodata              const    0x080066c8     0x4  usb_hw.o [1]
  .rodata              const    0x080066cc     0x4  usb_hw.o [1]
  .rodata              const    0x080066d0     0x4  usb_hw.o [1]
  Initializer bytes    const    0x080066d4     0x4  <for P3-1>
  .rodata              const    0x080066d8     0x0  zero_init3.o [5]
  .rodata              const    0x080066d8     0x0  copy_init3.o [5]
                              - 0x080066d8  0x65ec

"P3", part 1 of 3:                             0x4
  P3-1                          0x20000000     0x4  <Init block>
    __DLIB_PERTHREAD   inited   0x20000000     0x4  errno.o [3]
                              - 0x20000004     0x4

"P3", part 2 of 3:                           0x800
  CSTACK                        0x20000008   0x800  <Block>
    CSTACK             uninit   0x20000008   0x800  <Block tail>
                              - 0x20000808   0x800

"P3", part 3 of 3:                           0xdd4
  .bss                 zero     0x20000808   0x500  usb_hw.o [1]
  .bss                 zero     0x20000d08   0x400  func.o [1]
  .bss                 zero     0x20001108    0xc0  usb_hw.o [1]
  .bss                 zero     0x200011c8    0xa4  shell.o [1]
  .bss                 zero     0x2000126c    0x98  main.o [1]
  .bss                 zero     0x20001304    0x98  sh_exec.o [1]
  .bss                 zero     0x2000139c    0x98  sh_exec.o [1]
  .bss                 zero     0x20001434    0x98  shell.o [1]
  .bss                 zero     0x200014cc    0x40  cd_class.o [1]
  .bss                 zero     0x2000150c    0x30  func.o [1]
  .bss                 zero     0x2000153c    0x1c  usb_t9.o [1]
  .bss                 zero     0x20001558    0x18  sh_exec.o [1]
  .bss                 zero     0x20001570    0x14  func.o [1]
  .bss                 zero     0x20001584     0x8  cd_class.o [1]
  .bss                 zero     0x2000158c     0x8  cd_class.o [1]
  .bss                 zero     0x20001594     0x8  usb_t9.o [1]
  .bss                 zero     0x2000159c     0x4  cd_class.o [1]
  .bss                 zero     0x200015a0     0x4  cd_class.o [1]
  .bss                 zero     0x200015a4     0x4  cd_class.o [1]
  .bss                 zero     0x200015a8     0x4  cd_class.o [1]
  .bss                 zero     0x200015ac     0x4  cd_class.o [1]
  .bss                 zero     0x200015b0     0x4  cd_class.o [1]
  .bss                 zero     0x200015b4     0x4  cd_class.o [1]
  .bss                 zero     0x200015b8     0x4  i2c.o [1]
  .bss                 zero     0x200015bc     0x4  main.o [1]
  .bss                 zero     0x200015c0     0x4  sh_exec.o [1]
  .bss                 zero     0x200015c4     0x4  usb_hw.o [1]
  .bss                 zero     0x200015c8     0x4  usb_hw.o [1]
  .bss                 zero     0x200015cc     0x4  usb_t9.o [1]
  .bss                 zero     0x200015d0     0x4  usb_t9.o [1]
  .bss                 zero     0x200015d4     0x1  cd_class.o [1]
  .bss                 zero     0x200015d5     0x1  cd_class.o [1]
  .bss                 zero     0x200015d6     0x1  cd_class.o [1]
  .bss                 zero     0x200015d7     0x1  cd_class.o [1]
  .bss                 zero     0x200015d8     0x1  shell.o [1]
  .bss                 zero     0x200015d9     0x1  shell.o [1]
                              - 0x200015da   0xdd2

Absolute sections, part 1 of 6:                0x2
  .noinit              uninit   0x40005c00     0x2  usb_hw.o [1]
                              - 0x40005c02     0x2

Absolute sections, part 2 of 6:                0x2
  .noinit              uninit   0x40005c40     0x2  usb_hw.o [1]
                              - 0x40005c42     0x2

Absolute sections, part 3 of 6:                0x2
  .noinit              uninit   0x40005c44     0x2  usb_hw.o [1]
                              - 0x40005c46     0x2

Absolute sections, part 4 of 6:                0x2
  .noinit              uninit   0x40005c48     0x2  usb_hw.o [1]
                              - 0x40005c4a     0x2

Absolute sections, part 5 of 6:                0x2
  .noinit              uninit   0x40005c4c     0x2  usb_hw.o [1]
                              - 0x40005c4e     0x2

Absolute sections, part 6 of 6:                0x2
  .noinit              uninit   0x40005c50     0x2  usb_hw.o [1]
                              - 0x40005c52     0x2

"P1":                                        0x400
  USB_PACKET_MEMORY             0x40006000   0x400  <Block>
    USB_PACKET_MEMORY  uninit   0x40006000   0x400  usb_hw.o [1]
                              - 0x40006400   0x400


*******************************************************************************
*** INIT TABLE
***

          Address     Size
          -------     ----
Zero (__iar_zero_init3)
    1 destination range, total size 0xdd2:
          0x20000808  0xdd2

Copy (__iar_copy_init3)
    1 source range, total size 0x4:
          0x080066d4    0x4
    1 destination range, total size 0x4:
          0x20000000    0x4



*******************************************************************************
*** MODULE SUMMARY
***

    Module                 ro code  ro data  rw data  rw data
                                                       (abs)
    ------                 -------  -------  -------  -------
H:\EQ\EQ_olimex\Debug\Obj: [1]
    cd_class.o                 864               112
    func.o                      88             1 092
    i2c.o                      996       20        4
    main.o                     108               156
    ring_buffer.o               24
    sh_exec.o                  832      437      332
    shell.o                  1 448               318
    stm32f10x_flash.o           76
    stm32f10x_gpio.o           416
    stm32f10x_i2c.o            578
    stm32f10x_it.o             164
    stm32f10x_nvic.o           232
    stm32f10x_rcc.o            728       20
    stm32f10x_tim.o             28
    stm32f10x_vector.o                  236
    usb_buffer.o               204
    usb_desc.o                          252
    usb_hooks.o                 52
    usb_hw.o                 7 124       28    2 504       12
    usb_init.o                 232
    usb_t9.o                 3 264                44
    utils.o                    242       56
    ---------------------------------------------------------
    Total:                  17 700    1 049    4 562       12

command line: [2]
    ---------------------------------------------------------
    Total:

dl7M_tln.a: [3]
    div.o                       14
    errno.o                     12        4        4
    exit.o                       4
    low_level_init.o             4
    sprintf.o                   52
    strcasecmp.o                82
    strcat.o                    28
    strtol.o                     6
    tolower.o                   12
    xprintffull.o            3 494
    xsprout.o                   10
    xstol.o                    134
    xstoul.o                   408
    xtls.o                       2
    ---------------------------------------------------------
    Total:                   4 262        4        4

m7M_tl.a: [4]
    DblAdd.o                   212
    DblCmpGe.o                  46
    DblCmpLe.o                  46
    DblDiv.o                   598
    DblMul.o                   418
    DblSub.o                   384
    DblToI32.o                  88
    I32ToDbl.o                  48
    xdnorm.o                    66
    xdscale.o                  268
    ---------------------------------------------------------
    Total:                   2 174

rt7M_tl.a: [5]
    ABImemclr4.o                 6
    ABImemcpy_unaligned.o      118
    ABImemset.o                102
    ABImemset48.o               50
    I64DivMod.o                238
    I64DivZer.o                  2
    XXexit.o                    12
    cexit.o                     10
    cmain.o                     26
    copy_init3.o                44
    cstartup_M.o                12
    data_init.o                 40
    memchr.o                    88
    strchr.o                    22
    strcpy_unaligned.o          68
    strlen.o                    54
    strncpy_unaligned.o        108
    zero_init3.o                64
    ---------------------------------------------------------
    Total:                   1 064

    Gaps                        39
    Linker created                       36    2 048
-------------------------------------------------------------
    Grand Total:            25 239    1 089    6 614       12


*******************************************************************************
*** ENTRY LIST
***

Entry                      Address   Size  Type      Object
-----                      -------   ----  ----      ------
.iar.init_table$$Base   0x08006484          --   Gb  - Linker created -
.iar.init_table$$Limit  0x080064a8          --   Gb  - Linker created -
?main                   0x080064fd         Code  Gb  cmain.o [5]
ADCPrescTable           0x080066b4    0x4  Data  Lc  stm32f10x_rcc.o [1]
ADC_IRQHandler          0x08006143    0x2  Code  Gb  stm32f10x_it.o [1]
APBAHBPrescTable        0x080065f8   0x10  Data  Lc  stm32f10x_rcc.o [1]
Break                   0x200015d4    0x1  Data  Gb  cd_class.o [1]
BusFaultException       0x08006113    0x2  Code  Gb  stm32f10x_it.o [1]
CAN_RX1_IRQHandler      0x08006185    0x2  Code  Gb  stm32f10x_it.o [1]
CAN_SCE_IRQHandler      0x08006187    0x2  Code  Gb  stm32f10x_it.o [1]
CDC_Configure           0x200015d5    0x1  Data  Lc  cd_class.o [1]
CDC_LineCoding          0x20001584    0x8  Data  Lc  cd_class.o [1]
CDC_LineState           0x200015a0    0x4  Data  Lc  cd_class.o [1]
CSTACK$$Base            0x20000008          --   Gb  - Linker created -
CSTACK$$Limit           0x20000808          --   Gb  - Linker created -
CdcReqPacket            0x2000158c    0x8  Data  Lc  cd_class.o [1]
Clk_Init                0x0800602d   0x92  Code  Gb  usb_init.o [1]
CriticalSecCntr         0x200015bc    0x4  Data  Gb  main.o [1]
DMAChannel1_IRQHandler  0x08006135    0x2  Code  Gb  stm32f10x_it.o [1]
DMAChannel2_IRQHandler  0x08006137    0x2  Code  Gb  stm32f10x_it.o [1]
DMAChannel3_IRQHandler  0x08006139    0x2  Code  Gb  stm32f10x_it.o [1]
DMAChannel4_IRQHandler  0x0800613b    0x2  Code  Gb  stm32f10x_it.o [1]
DMAChannel5_IRQHandler  0x0800613d    0x2  Code  Gb  stm32f10x_it.o [1]
DMAChannel6_IRQHandler  0x0800613f    0x2  Code  Gb  stm32f10x_it.o [1]
DMAChannel7_IRQHandler  0x08006141    0x2  Code  Gb  stm32f10x_it.o [1]
DebugMonitor            0x08006117    0x2  Code  Gb  stm32f10x_it.o [1]
DlyCnt                  0x200015c8    0x4  Data  Gb  usb_hw.o [1]
EXTI0_IRQHandler        0x0800612b    0x2  Code  Gb  stm32f10x_it.o [1]
EXTI15_10_IRQHandler    0x080061ab    0x2  Code  Gb  stm32f10x_it.o [1]
EXTI1_IRQHandler        0x0800612d    0x2  Code  Gb  stm32f10x_it.o [1]
EXTI2_IRQHandler        0x0800612f    0x2  Code  Gb  stm32f10x_it.o [1]
EXTI3_IRQHandler        0x08006131    0x2  Code  Gb  stm32f10x_it.o [1]
EXTI4_IRQHandler        0x08006133    0x2  Code  Gb  stm32f10x_it.o [1]
EXTI9_5_IRQHandler      0x08006189    0x2  Code  Gb  stm32f10x_it.o [1]
EntrCritSection         0x080033c5   0x1c  Code  Gb  usb_init.o [1]
EpCnfg                  0x20000808  0x500  Data  Gb  usb_hw.o [1]
EpCtrlClr_CTR_RX        0x080002c3   0x18  Code  Gb  usb_hw.o [1]
EpCtrlClr_CTR_TX        0x080001b5   0x18  Code  Gb  usb_hw.o [1]
EpCtrlGet_DTOG_RX       0x08002fb5   0x10  Code  Gb  usb_hw.o [1]
EpCtrlGet_DTOG_TX       0x08002fc5   0x10  Code  Gb  usb_hw.o [1]
EpCtrlGet_SETUP         0x08002fd5   0x18  Code  Gb  usb_hw.o [1]
EpCtrlGet_STAT_RX       0x08001c77   0x10  Code  Gb  usb_hw.o [1]
EpCtrlGet_STAT_TX       0x08001c69    0xe  Code  Gb  usb_hw.o [1]
EpCtrlSet_DTOG_RX       0x08000279   0x2a  Code  Gb  usb_hw.o [1]
EpCtrlSet_DTOG_TX       0x0800016b   0x2a  Code  Gb  usb_hw.o [1]
EpCtrlSet_EA            0x080000ed   0x20  Code  Gb  usb_hw.o [1]
EpCtrlSet_EP_KIND       0x080001cd   0x2a  Code  Gb  usb_hw.o [1]
EpCtrlSet_EP_TYPE       0x080001f7   0x24  Code  Gb  usb_hw.o [1]
EpCtrlSet_STAT_RX       0x0800021b   0x5e  Code  Gb  usb_hw.o [1]
EpCtrlSet_STAT_TX       0x0800010d   0x5e  Code  Gb  usb_hw.o [1]
EpCtrlToggle_DTOG_RX    0x080002a3   0x20  Code  Gb  usb_hw.o [1]
EpCtrlToggle_DTOG_TX    0x08000195   0x20  Code  Gb  usb_hw.o [1]
ExtCritSection          0x080033e1   0x1c  Code  Gb  usb_init.o [1]
FLASH_HalfCycleAccessCmd
                        0x080060d9   0x18  Code  Gb  stm32f10x_flash.o [1]
FLASH_IRQHandler        0x08006127    0x2  Code  Gb  stm32f10x_it.o [1]
FLASH_PrefetchBufferCmd
                        0x080060f1   0x18  Code  Gb  stm32f10x_flash.o [1]
FLASH_SetLatency        0x080060c1   0x18  Code  Gb  stm32f10x_flash.o [1]
GPIO_Init               0x08001f69  0x13a  Code  Gb  stm32f10x_gpio.o [1]
GPIO_PinRemapConfig     0x080020b5   0x4e  Code  Gb  stm32f10x_gpio.o [1]
GPIO_WriteBit           0x080020a3   0x12  Code  Gb  stm32f10x_gpio.o [1]
HardFaultException      0x0800610f    0x2  Code  Gb  stm32f10x_it.o [1]
I2C1_ER_IRQHandler      0x0800619b    0x2  Code  Gb  stm32f10x_it.o [1]
I2C1_EV_IRQHandler      0x08006199    0x2  Code  Gb  stm32f10x_it.o [1]
I2C2_ER_IRQHandler      0x0800619f    0x2  Code  Gb  stm32f10x_it.o [1]
I2C2_EV_IRQHandler      0x0800619d    0x2  Code  Gb  stm32f10x_it.o [1]
I2C_AcknowledgeConfig   0x08005921   0x1c  Code  Gb  stm32f10x_i2c.o [1]
I2C_CheckEvent          0x0800595f   0x34  Code  Gb  stm32f10x_i2c.o [1]
I2C_Cmd                 0x080058cd   0x1c  Code  Gb  stm32f10x_i2c.o [1]
I2C_DeInit              0x08005785   0x42  Code  Gb  stm32f10x_i2c.o [1]
I2C_GenerateSTART       0x080058e9   0x1c  Code  Gb  stm32f10x_i2c.o [1]
I2C_GenerateSTOP        0x08005905   0x1c  Code  Gb  stm32f10x_i2c.o [1]
I2C_GetFlagStatus       0x08005993   0x34  Code  Gb  stm32f10x_i2c.o [1]
I2C_Init                0x080057c7   0xf0  Code  Gb  stm32f10x_i2c.o [1]
I2C_ReceiveData         0x08005943    0x6  Code  Gb  stm32f10x_i2c.o [1]
I2C_Send7bitAddress     0x08005949   0x16  Code  Gb  stm32f10x_i2c.o [1]
I2C_SendData            0x0800593d    0x6  Code  Gb  stm32f10x_i2c.o [1]
I2C_ask                 0x08005303  0x19a  Code  Gb  i2c.o [1]
I2C_checkAddr           0x080054bd   0x72  Code  Gb  i2c.o [1]
I2C_clockReset          0x0800549d   0x20  Code  Gb  i2c.o [1]
I2C_init                0x0800552f   0x7e  Code  Gb  i2c.o [1]
I2C_write               0x080055ad   0xc2  Code  Gb  i2c.o [1]
InData                  0x200015cc    0x4  Data  Lc  usb_t9.o [1]
IsUsbCdcConfigure       0x080030e1    0x6  Code  Gb  cd_class.o [1]
LineCodingDelta         0x2000159c    0x4  Data  Lc  cd_class.o [1]
LineStateDelta          0x200015a8    0x4  Data  Lc  cd_class.o [1]
LoadInt                 0x08003981   0x6e  Code  Lc  xprintffull.o [3]
ManufacturerStrLan1     0x08006538   0x18  Data  Gb  usb_desc.o [1]
MemManageException      0x08006111    0x2  Code  Gb  stm32f10x_it.o [1]
NMIException            0x0800610d    0x2  Code  Gb  stm32f10x_it.o [1]
NVIC_Init               0x08002117   0xa8  Code  Gb  stm32f10x_nvic.o [1]
NVIC_PriorityGroupConfig
                        0x08002109    0xe  Code  Gb  stm32f10x_nvic.o [1]
NVIC_SetVectorTable     0x080021bf   0x16  Code  Gb  stm32f10x_nvic.o [1]
PVD_IRQHandler          0x08006121    0x2  Code  Gb  stm32f10x_it.o [1]
PacketMemBuff           0x20001108   0xc0  Data  Gb  usb_hw.o [1]
PendSVC                 0x0800611b    0x2  Code  Gb  stm32f10x_it.o [1]
ProductStrLan1          0x08006460   0x24  Data  Gb  usb_desc.o [1]
RCC_ADCCLKConfig        0x08001d71   0x14  Code  Gb  stm32f10x_rcc.o [1]
RCC_APB1PeriphClockCmd  0x08001e7f   0x1e  Code  Gb  stm32f10x_rcc.o [1]
RCC_APB1PeriphResetCmd  0x08001ebb   0x1e  Code  Gb  stm32f10x_rcc.o [1]
RCC_APB2PeriphClockCmd  0x08001e61   0x1e  Code  Gb  stm32f10x_rcc.o [1]
RCC_APB2PeriphResetCmd  0x08001e9d   0x1e  Code  Gb  stm32f10x_rcc.o [1]
RCC_GetClocksFreq       0x08001d85   0xdc  Code  Gb  stm32f10x_rcc.o [1]
RCC_GetFlagStatus       0x08001ed9   0x52  Code  Gb  stm32f10x_rcc.o [1]
RCC_HCLKConfig          0x08001d2d   0x14  Code  Gb  stm32f10x_rcc.o [1]
RCC_HSEConfig           0x08001c91   0x56  Code  Gb  stm32f10x_rcc.o [1]
RCC_HSICmd              0x08001ce7    0xa  Code  Gb  stm32f10x_rcc.o [1]
RCC_IRQHandler          0x08006129    0x2  Code  Gb  stm32f10x_it.o [1]
RCC_PCLK1Config         0x08001d41   0x14  Code  Gb  stm32f10x_rcc.o [1]
RCC_PCLK2Config         0x08001d55   0x16  Code  Gb  stm32f10x_rcc.o [1]
RCC_PLLCmd              0x08001d0d    0xa  Code  Gb  stm32f10x_rcc.o [1]
RCC_PLLConfig           0x08001cf1   0x1c  Code  Gb  stm32f10x_rcc.o [1]
RCC_SYSCLKConfig        0x08001d17   0x16  Code  Gb  stm32f10x_rcc.o [1]
RCC_USBCLKConfig        0x08001d6b    0x6  Code  Gb  stm32f10x_rcc.o [1]
RTCAlarm_IRQHandler     0x080061ad    0x2  Code  Gb  stm32f10x_it.o [1]
RTC_IRQHandler          0x08006125    0x2  Code  Gb  stm32f10x_it.o [1]
Region$$Table$$Base     0x08006484          --   Gb  - Linker created -
Region$$Table$$Limit    0x080064a8          --   Gb  - Linker created -
RingBuffer_Init         0x08006309   0x18  Code  Gb  ring_buffer.o [1]
RxBuffer                0x200014cc   0x40  Data  Lc  cd_class.o [1]
RxBuffer                0x20000d08  0x400  Data  Gb  func.o [1]
RxDone                  0x200015d7    0x1  Data  Lc  cd_class.o [1]
RxSize                  0x200015ac    0x4  Data  Lc  cd_class.o [1]
RxSizeHold              0x200015b0    0x4  Data  Lc  cd_class.o [1]
SPI1_IRQHandler         0x080061a1    0x2  Code  Gb  stm32f10x_it.o [1]
SPI2_IRQHandler         0x080061a3    0x2  Code  Gb  stm32f10x_it.o [1]
SVCHandler              0x08006119    0x2  Code  Gb  stm32f10x_it.o [1]
SerialNumberStrLan1     0x080065a0   0x14  Data  Gb  usb_desc.o [1]
SerialStateDelta        0x200015a4    0x4  Data  Lc  cd_class.o [1]
SysTickHandler          0x0800611d    0x2  Code  Gb  stm32f10x_it.o [1]
TAMPER_IRQHandler       0x08006123    0x2  Code  Gb  stm32f10x_it.o [1]
TIM1_BRK_IRQHandler     0x0800618b    0x2  Code  Gb  stm32f10x_it.o [1]
TIM1_CC_IRQHandler      0x08006191    0x2  Code  Gb  stm32f10x_it.o [1]
TIM1_TRG_COM_IRQHandler
                        0x0800618f    0x2  Code  Gb  stm32f10x_it.o [1]
TIM1_UP_IRQHandler      0x0800618d    0x2  Code  Gb  stm32f10x_it.o [1]
TIM2_IRQHandler         0x08006193    0x2  Code  Gb  stm32f10x_it.o [1]
TIM3_IRQHandler         0x08006195    0x2  Code  Gb  stm32f10x_it.o [1]
TIM4_IRQHandler         0x08006197    0x2  Code  Gb  stm32f10x_it.o [1]
TIM_Cmd                 0x080061b1   0x1c  Code  Gb  stm32f10x_tim.o [1]
Timeout                 0x200015b8    0x4  Data  Gb  i2c.o [1]
TxDone                  0x200015d6    0x1  Data  Lc  cd_class.o [1]
TxSize                  0x200015b4    0x4  Data  Lc  cd_class.o [1]
USART1_IRQHandler       0x080061a5    0x2  Code  Gb  stm32f10x_it.o [1]
USART2_IRQHandler       0x080061a7    0x2  Code  Gb  stm32f10x_it.o [1]
USART3_IRQHandler       0x080061a9    0x2  Code  Gb  stm32f10x_it.o [1]
USBWakeUp_IRQHandler    0x080061af    0x2  Code  Gb  stm32f10x_it.o [1]
USB_AddStatusEndHandler
                        0x08002575   0x50  Code  Lc  usb_t9.o [1]
USB_AllocateBuffer      0x0800047f   0xe6  Code  Lc  usb_hw.o [1]
USB_BTABLE              0x40005c50    0x2  Data  Gb  usb_hw.o [1]
USB_Buf                 0x2000126c   0x98  Data  Gb  main.o [1]
USB_CLASS_REQUEST_HOOK  0x08002fa3    0xc  Code  Gb  usb_hooks.o [1]
USB_CONFIGURE_HOOK      0x08002f8d    0xc  Code  Gb  usb_hooks.o [1]
USB_Configure           0x080021f1    0x2  Code  Gb  usb_hw.o [1]
USB_ConnectRes          0x08000b11   0x20  Code  Gb  usb_hw.o [1]
USB_CtrlEpDescr0        0x080066a4    0x8  Data  Lc  usb_hw.o [1]
USB_CtrlEpDescr1        0x080066ac    0x8  Data  Lc  usb_hw.o [1]
USB_CtrlEpExt0          0x080066c8    0x4  Data  Lc  usb_hw.o [1]
USB_CtrlEpExt1          0x080066cc    0x4  Data  Lc  usb_hw.o [1]
USB_EP_ExtFind          0x08002e2d   0x30  Code  Gb  usb_t9.o [1]
USB_EP_IO               0x08000e91  0xa6c  Code  Gb  usb_hw.o [1]
USB_EP_STALL_HOOK       0x08002f99    0x2  Code  Gb  usb_hooks.o [1]
USB_EP_UNSTALL_HOOK     0x08002f9b    0x2  Code  Gb  usb_hooks.o [1]
USB_EpLogToPhysAdd      0x08001905   0x12  Code  Gb  usb_hw.o [1]
USB_GET_DESCRIPTOR_HOOK
                        0x08002f9d    0x6  Code  Gb  usb_hooks.o [1]
USB_GetStallEP          0x08000dcd   0x5a  Code  Gb  usb_hw.o [1]
USB_HIGH_INTR_ENTRY_HOOK
                        0x08002f85    0x2  Code  Gb  usb_hooks.o [1]
USB_HIGH_INTR_EXIT_HOOK
                        0x08002f87    0x2  Code  Gb  usb_hooks.o [1]
USB_HIGH_ISR            0x0800192f  0x162  Code  Gb  usb_hw.o [1]
USB_HP_CAN_TX_IRQHandler
                        0x08006145   0x1c  Code  Gb  stm32f10x_it.o [1]
USB_HwInit              0x080002db   0xe4  Code  Gb  usb_hw.o [1]
USB_HwReset             0x080003bf   0x8e  Code  Gb  usb_hw.o [1]
USB_INTR_ENTRY_HOOK     0x08002f81    0x2  Code  Gb  usb_hooks.o [1]
USB_INTR_EXIT_HOOK      0x08002f83    0x2  Code  Gb  usb_hooks.o [1]
USB_IO_Data             0x08002eb5   0xcc  Code  Gb  usb_buffer.o [1]
USB_ISR                 0x08001a91  0x1bc  Code  Gb  usb_hw.o [1]
USB_LP_CAN_RX0_IRQHandler
                        0x08006161   0x1c  Code  Gb  stm32f10x_it.o [1]
USB_PACKET_MEMORY$$Base
                        0x40006000          --   Gb  - Linker created -
USB_PACKET_MEMORY$$Length
                        0x00000400          --   Gb  - Linker created -
USB_PACKET_MEMORY$$Limit
                        0x40006400          --   Gb  - Linker created -
USB_PacketMemory        0x40006000  0x400  Data  Gb  usb_hw.o [1]
USB_RESET_HOOK          0x08002f8b    0x2  Code  Gb  usb_hooks.o [1]
USB_RealizeEp           0x08000597  0x56e  Code  Gb  usb_hw.o [1]
USB_ReleaseBuffer       0x08000565   0x32  Code  Lc  usb_hw.o [1]
USB_Resume              0x08000b4f   0xd4  Code  Lc  usb_hw.o [1]
USB_SUSPEND_HOOK        0x08002f89    0x2  Code  Gb  usb_hooks.o [1]
USB_SendBuf             0x08005b3d   0x12  Code  Gb  sh_exec.o [1]
USB_SendChar            0x08005b71    0xc  Code  Gb  sh_exec.o [1]
USB_SendStr             0x08005b4f   0x22  Code  Gb  sh_exec.o [1]
USB_SetAdd              0x08000b05    0xc  Code  Gb  usb_hw.o [1]
USB_SetStallEP          0x08000c23  0x16e  Code  Gb  usb_hw.o [1]
USB_SetupHandler        0x080023fb  0x106  Code  Gb  usb_t9.o [1]
USB_StallCtrlEP         0x08000d91   0x3c  Code  Gb  usb_hw.o [1]
USB_StatusEndHandler    0x08002551   0x22  Code  Lc  usb_t9.o [1]
USB_StatusHandler       0x08002501   0x4e  Code  Gb  usb_t9.o [1]
USB_StatusPhase         0x08001917   0x18  Code  Gb  usb_hw.o [1]
USB_Suspend             0x08000b31   0x1e  Code  Lc  usb_hw.o [1]
USB_T9_Size             0x080023d7   0x24  Code  Gb  usb_t9.o [1]
USB_VENDOR_REQUEST_HOOK
                        0x08002faf    0x6  Code  Gb  usb_hooks.o [1]
UsageFaultException     0x08006115    0x2  Code  Gb  stm32f10x_it.o [1]
UsbCdcConfigure         0x08003065   0x7c  Code  Gb  cd_class.o [1]
UsbCdcData              0x080031d5   0x28  Code  Gb  cd_class.o [1]
UsbCdcInit              0x08002fed   0x78  Code  Gb  cd_class.o [1]
UsbCdcRead              0x0800322d   0x88  Code  Gb  cd_class.o [1]
UsbCdcReadHandler       0x080031fd   0x18  Code  Lc  cd_class.o [1]
UsbCdcRequest           0x080030e7   0xee  Code  Gb  cd_class.o [1]
UsbCdcWrite             0x080032b5   0x50  Code  Gb  cd_class.o [1]
UsbCdcWriteHandler      0x08003215   0x18  Code  Lc  cd_class.o [1]
UsbClearDevFeature      0x08002857   0x26  Code  Lc  usb_t9.o [1]
UsbClearEpFeature       0x08002883   0x3a  Code  Lc  usb_t9.o [1]
UsbClearFeature         0x080028bd   0xe6  Code  Lc  usb_t9.o [1]
UsbClearInterfaceFeature
                        0x0800287d    0x6  Code  Lc  usb_t9.o [1]
UsbCoreInit             0x080021f5   0x48  Code  Gb  usb_t9.o [1]
UsbCoreReq              0x0800223d   0x66  Code  Gb  usb_t9.o [1]
UsbDescArray            0x080065b4   0x14  Data  Gb  usb_desc.o [1]
UsbDevCtrl              0x2000153c   0x1c  Data  Lc  usb_t9.o [1]
UsbDevResetCallback     0x080023c9    0xe  Code  Gb  usb_t9.o [1]
UsbDevStatus            0x08002723   0x2e  Code  Lc  usb_t9.o [1]
UsbDevSuspendCallback   0x0800239b   0x2e  Code  Gb  usb_t9.o [1]
UsbEPExt_Cfg0EP1        0x080066b8    0x4  Data  Lc  usb_desc.o [1]
UsbEPExt_Cfg0EP2        0x080066bc    0x4  Data  Lc  usb_desc.o [1]
UsbEPExt_Cfg0EP3        0x080066c0    0x4  Data  Lc  usb_desc.o [1]
UsbEp0SetupPacket       0x20001594    0x8  Data  Gb  usb_t9.o [1]
UsbEpInterfaceCnfg      0x08002e61   0x2e  Code  Lc  usb_t9.o [1]
UsbEpStatus             0x08002771   0x40  Code  Lc  usb_t9.o [1]
UsbFS_Cfg0              0x08006320   0x44  Data  Lc  usb_desc.o [1]
UsbFS_CfgArray          0x08006694    0x8  Data  Lc  usb_desc.o [1]
UsbFS_EPExtArray        0x08006608   0x10  Data  Lc  usb_desc.o [1]
UsbFS_StringArray       0x0800669c    0x8  Data  Lc  usb_desc.o [1]
UsbFindConfiguration    0x080025f5   0x2e  Code  Lc  usb_t9.o [1]
UsbFindEP               0x08002623   0x60  Code  Lc  usb_t9.o [1]
UsbFindInterface        0x080025c5   0x30  Code  Lc  usb_t9.o [1]
UsbFree                 0x08000479    0x6  Code  Lc  usb_hw.o [1]
UsbGetConfiguration     0x08002cd7   0x46  Code  Lc  usb_t9.o [1]
UsbGetDescriptor        0x08002c45   0x76  Code  Lc  usb_t9.o [1]
UsbGetDescriptorConfiguration
                        0x08002b67   0x40  Code  Lc  usb_t9.o [1]
UsbGetDescriptorDevice  0x08002b35   0x32  Code  Lc  usb_t9.o [1]
UsbGetDescriptorString  0x08002ba7   0x9e  Code  Lc  usb_t9.o [1]
UsbGetInterface         0x08002d57   0x4c  Code  Lc  usb_t9.o [1]
UsbGetStatus            0x080027b1   0xa6  Code  Lc  usb_t9.o [1]
UsbInterfaceStatus      0x08002751   0x20  Code  Lc  usb_t9.o [1]
UsbLanguages1Strings    0x08006618   0x10  Data  Gb  usb_desc.o [1]
UsbLanguagesStr         0x080066c4    0x4  Data  Gb  usb_desc.o [1]
UsbMalloc               0x0800044d   0x2c  Code  Lc  usb_hw.o [1]
UsbSetAddress           0x08002ae7   0x4e  Code  Lc  usb_t9.o [1]
UsbSetConfiguration     0x08002d1d   0x3a  Code  Lc  usb_t9.o [1]
UsbSetConfigurtonState  0x08002683   0xa0  Code  Lc  usb_t9.o [1]
UsbSetDescriptor        0x08002cbb   0x1c  Code  Lc  usb_t9.o [1]
UsbSetDevFeature        0x080029a3   0x26  Code  Lc  usb_t9.o [1]
UsbSetDevState          0x080022a3   0xf8  Code  Gb  usb_t9.o [1]
UsbSetEpFeature         0x080029cf   0x3a  Code  Lc  usb_t9.o [1]
UsbSetFeature           0x08002a09   0xde  Code  Lc  usb_t9.o [1]
UsbSetInterface         0x08002da3   0x8a  Code  Lc  usb_t9.o [1]
UsbSetInterfaceFeature  0x080029c9    0x6  Code  Lc  usb_t9.o [1]
UsbStandardDeviceDescriptorStr
                        0x0800658c   0x14  Data  Gb  usb_desc.o [1]
UsbSynchFrame           0x08002e8f    0x8  Code  Lc  usb_t9.o [1]
WWDG_IRQHandler         0x0800611f    0x2  Code  Gb  stm32f10x_it.o [1]
_A_USB_CNTR             0x40005c40    0x2  Data  Gb  usb_hw.o [1]
_A_USB_DADDR            0x40005c4c    0x2  Data  Gb  usb_hw.o [1]
_A_USB_EP0R             0x40005c00    0x2  Data  Gb  usb_hw.o [1]
_A_USB_FNR              0x40005c48    0x2  Data  Gb  usb_hw.o [1]
_A_USB_ISTR             0x40005c44    0x2  Data  Gb  usb_hw.o [1]
_GenldFull              0x08003ef7  0x262  Code  Lc  xprintffull.o [3]
_LdtobFull              0x08003af5  0x3fc  Code  Lc  xprintffull.o [3]
_LitobFull              0x080039ef  0x106  Code  Lc  xprintffull.o [3]
_PrintfFull             0x080033fd  0x57e  Code  Gb  xprintffull.o [3]
_PutcharsFull           0x08004159   0x2e  Code  Lc  xprintffull.o [3]
_SProut                 0x08001c87    0xa  Code  Gb  xsprout.o [3]
__aeabi_cdcmple         0x0800437d         Code  Gb  DblCmpLe.o [4]
__aeabi_cdrcmple        0x080043ad         Code  Gb  DblCmpGe.o [4]
__aeabi_d2iz            0x080044e9         Code  Gb  DblToI32.o [4]
__aeabi_d2uiz           0x08004515         Code  Gb  DblToI32.o [4]
__aeabi_ddiv            0x08004895         Code  Gb  DblDiv.o [4]
__aeabi_dmul            0x080046f1         Code  Gb  DblMul.o [4]
__aeabi_dsub            0x08004571         Code  Gb  DblSub.o [4]
__aeabi_errno_addr      0x08006001    0x6  Code  Gb  errno.o [3]
__aeabi_i2d             0x08004541         Code  Gb  I32ToDbl.o [4]
__aeabi_ldiv0           0x08004af9         Code  Gb  I64DivZer.o [5]
__aeabi_memclr4         0x080059e5         Code  Gb  ABImemclr4.o [5]
__aeabi_memset          0x08005239         Code  Gb  ABImemset.o [5]
__aeabi_ui2d            0x08004555         Code  Gb  I32ToDbl.o [4]
__aeabi_uldivmod        0x0800424d         Code  Gb  I64DivMod.o [5]
__cmain                 0x080064fd         Code  Gb  cmain.o [5]
__exit                  0x0800652d         Code  Gb  XXexit.o [5]
__iar_Dnorm             0x0800433b   0x42  Code  Gb  xdnorm.o [4]
__iar_Dscale            0x080043dd  0x10c  Code  Gb  xdscale.o [4]
__iar_Errno             0x20000000    0x4  Data  Gb  errno.o [3]
__iar_Memchr            0x080041f5         Code  Gb  memchr.o [5]
__iar_Memset            0x08005239         Code  Gb  ABImemset.o [5]
__iar_Memset4_word      0x08005a21         Code  Gb  ABImemset48.o [5]
__iar_Memset8_word      0x08005a21         Code  Gb  ABImemset48.o [5]
__iar_Memset_word       0x08005241         Code  Gb  ABImemset.o [5]
__iar_Stolx             0x08005de1   0x86  Code  Gb  xstol.o [3]
__iar_Stoulx            0x08005e69  0x142  Code  Gb  xstoul.o [3]
__iar_Strchr            0x080041a5         Code  Gb  strchr.o [5]
__iar_copy_init3        0x0800640d   0x2c  Code  Gb  copy_init3.o [5]
__iar_d2uiz             0x08004521         Code  Gb  DblToI32.o [4]
__iar_dadd              0x08004afd         Code  Gb  DblAdd.o [4]
__iar_data_init3        0x08006439   0x28  Code  Gb  data_init.o [5]
__iar_dlib_perthread_access
                        0x0800600d    0x2  Code  Gb  xtls.o [3]
__iar_dsub              0x08004585         Code  Gb  DblSub.o [4]
__iar_dsubStart         0x08004597         Code  Gb  DblSub.o [4]
__iar_program_start     0x08006659         Code  Gb  cstartup_M.o [5]
__iar_ui2d              0x08004559         Code  Gb  I32ToDbl.o [4]
__iar_unaligned___aeabi_memcpy
                        0x0800334d         Code  Gb  ABImemcpy_unaligned.o [5]
__iar_unaligned___aeabi_memcpy4
                        0x0800336d         Code  Gb  ABImemcpy_unaligned.o [5]
__iar_unaligned___aeabi_memcpy8
                        0x0800336d         Code  Gb  ABImemcpy_unaligned.o [5]
__iar_unaligned_strcpy  0x08005d9d         Code  Gb  strcpy_unaligned.o [5]
__iar_unaligned_strncpy
                        0x080051cd         Code  Gb  strncpy_unaligned.o [5]
__iar_zero_init3        0x08006365   0x40  Code  Gb  zero_init3.o [5]
__low_level_init        0x08006517    0x4  Code  Gb  low_level_init.o [3]
__vector_table          0x08000000   0xec  Data  Gb  stm32f10x_vector.o [1]
_call_main              0x08006509         Code  Gb  cmain.o [5]
_exit                   0x08006521         Code  Gb  cexit.o [5]
_main                   0x08006513         Code  Gb  cmain.o [5]
askEQ                   0x0800572d   0x46  Code  Gb  utils.o [1]
console_buf             0x2000139c   0x98  Data  Lc  sh_exec.o [1]
digits                  0x08005fb0   0x28  Data  Lc  xstoul.o [3]
div                     0x08004aeb    0xe  Code  Gb  div.o [3]
esc_seq                 0x200015d9    0x1  Data  Lc  shell.o [1]
escape                  0x200015d8    0x1  Data  Lc  shell.o [1]
exit                    0x0800651b    0x4  Code  Gb  exit.o [3]
g_max_cmd_len           0x200015c0    0x4  Data  Lc  sh_exec.o [1]
g_shell                 0x2000150c   0x30  Data  Gb  func.o [1]
g_shell_argv_hsb        0x20001558   0x18  Data  Gb  sh_exec.o [1]
g_shell_cl_buf_hsb      0x20001304   0x98  Data  Gb  sh_exec.o [1]
g_shell_cmd_arr         0x080061cc   0x78  Data  Gb  sh_exec.o [1]
handleShell             0x08006245   0x52  Code  Gb  main.o [1]
initCDC                 0x080062b1   0x58  Code  Gb  func.o [1]
initMainI2C             0x080052ad   0x56  Code  Gb  i2c.o [1]
initUSB                 0x0800600f   0x1e  Code  Gb  usb_init.o [1]
main                    0x080062a1   0x10  Code  Gb  main.o [1]
memchr                  0x080041f5         Code  Gb  memchr.o [5]
ndigs                   0x08005fd8   0x28  Data  Lc  xstoul.o [3]
pPacketMemUse           0x200015c4    0x4  Data  Gb  usb_hw.o [1]
printf_log              0x08005781    0x2  Code  Gb  utils.o [1]
rxBuf                   0x20001570   0x14  Data  Gb  func.o [1]
sh_cmd_end              0x08004d9f   0x24  Code  Gb  shell.o [1]
sh_do_cmd_exec          0x08004c9b   0x90  Code  Gb  shell.o [1]
sh_echo                 0x08004d63   0x1e  Code  Gb  shell.o [1]
sh_escape_process       0x08004e0f  0x100  Code  Gb  shell.o [1]
sh_exec_cmd_conn        0x08005b19   0x24  Code  Gb  sh_exec.o [1]
sh_exec_cmd_help        0x08005bf1  0x124  Code  Gb  sh_exec.o [1]
sh_exec_cmd_read        0x08005a6f   0x52  Code  Gb  sh_exec.o [1]
sh_exec_cmd_reset       0x08005a55   0x1a  Code  Gb  sh_exec.o [1]
sh_exec_cmd_write       0x08005ac1   0x58  Code  Gb  sh_exec.o [1]
sh_exec_init            0x08005b7d   0x74  Code  Gb  sh_exec.o [1]
sh_get_command_line_args
                        0x08004dc3   0x4c  Code  Gb  shell.o [1]
sh_input                0x08004bd1   0xc4  Code  Gb  shell.o [1]
sh_print_cmd_generic    0x08005d15   0x2c  Code  Gb  sh_exec.o [1]
sh_prompt               0x08004d47   0x12  Code  Gb  shell.o [1]
sh_putchar              0x08004d81   0x1e  Code  Gb  shell.o [1]
sh_send                 0x08004d2b   0x1c  Code  Gb  shell.o [1]
sh_start_cmd_exec       0x08004c95    0x6  Code  Gb  shell.o [1]
sh_stop_cmd_exec        0x08004d59    0xa  Code  Gb  shell.o [1]
shell_history           0x200011c8   0xa4  Data  Lc  shell.o [1]
shell_history_buf       0x20001434   0x98  Data  Lc  shell.o [1]
shell_history_restore_line
                        0x08004f21  0x258  Code  Lc  shell.o [1]
sprintf                 0x080059ed   0x34  Code  Gb  sprintf.o [3]
strcasecmp              0x08005179   0x52  Code  Gb  strcasecmp.o [3]
strcat                  0x080059c7   0x1c  Code  Gb  strcat.o [3]
strcat_s                0x08005691   0x46  Code  Gb  utils.o [1]
strchr                  0x080041a5         Code  Gb  strchr.o [5]
strlen                  0x080041bd         Code  Gb  strlen.o [5]
strtol                  0x08005d95    0x6  Code  Gb  strtol.o [3]
tolower                 0x0800529f    0xc  Code  Gb  tolower.o [3]
writeEQ                 0x080056d7   0x56  Code  Gb  utils.o [1]


[1] = H:\EQ\EQ_olimex\Debug\Obj
[2] = command line
[3] = dl7M_tln.a
[4] = m7M_tl.a
[5] = rt7M_tl.a

  25 239 bytes of readonly  code memory
   1 089 bytes of readonly  data memory
   6 614 bytes of readwrite data memory (+ 12 absolute)

Errors: none
Warnings: none
